2026-10-05T01:31:40.761262Z 00O [0KRunning with gitlab-runner 19.4.1 (3c39fceb)[0;m
2026-10-05T01:31:40.761272Z 00O [0K  on devops-docker rf8f0q9Qr, system ID: r_o0njxSloCRPv[0;m
2026-10-05T01:31:40.761273Z 00O [0K  UUID: 01a1098d-d044-751a-afc8-3d1026d7a058[0;m
2026-10-05T01:31:40.761293Z 00O section_start:1791163900:prepare_executor[0K
2026-10-05T01:31:40.761295Z 00O+[0K[36;1mPreparing the "docker" executor[0;m[0;m
2026-10-05T01:31:40.778070Z 00O [0KUsing Docker executor with image python:3.12-slim ...[0;m
2026-10-05T01:31:41.530979Z 00O [0KUsing effective pull policy of [always] for container python:3.12-slim[0;m
2026-10-05T01:31:41.564099Z 00O [0KPulling docker image python:3.12-slim ...[0;m
2026-10-05T01:31:42.775356Z 00O [0KUsing docker image sha256:02108f5d322dd89f1c9e552442c25acb0543dfdbc455693a5599624f20d9155d for python:3.12-slim with digest python@sha256:02108f5d322dd89f1c9e552442c25acb0543dfdbc455693a5599624f20d9155d ...[0;m
2026-10-05T01:31:42.775370Z 00O section_end:1791163902:prepare_executor[0K
2026-10-05T01:31:42.775536Z 00O+section_start:1791163902:prepare_script[0K
2026-10-05T01:31:42.775543Z 00O+[0K[36;1mPreparing environment[0;m[0;m
2026-10-05T01:31:42.790826Z 00O [0KUsing effective pull policy of [always] for container sha256:25db4eaaff9ff231b010eca4e189065b821b637a443897e14e0271a9faf370bf[0;m
2026-10-05T01:31:43.012029Z 01O Running on runner-rf8f0q9qr-project-4-concurrent-0 via 2f8eed54d6df...
2026-10-05T01:31:43.173072Z 00O section_end:1791163903:prepare_script[0K
2026-10-05T01:31:43.173391Z 00O+section_start:1791163903:get_sources[0K
2026-10-05T01:31:43.173396Z 00O+[0K[36;1mGetting source from Git repository[0;m[0;m
2026-10-05T01:31:43.362667Z 01O [32;1mGitaly correlation ID: 01M44V08HX25C7PD0G1DEH9FMX[0;m
2026-10-05T01:31:43.369755Z 01O [32;1mFetching changes with git depth set to 20...[0;m
2026-10-05T01:31:43.373859Z 01O Reinitialized existing Git repository in /builds/devopsrabota2/sales-report/.git/
2026-10-05T01:31:43.373874Z 01O [32;1mCreated fresh repository.[0;m
2026-10-05T01:31:43.552866Z 01O [32;1mChecking out 1356de52 as detached HEAD (ref is main)...[0;m
2026-10-05T01:31:43.556065Z 01O Removing deploy/
2026-10-05T01:31:43.556074Z 01O Removing dist/
2026-10-05T01:31:43.585245Z 01O 
2026-10-05T01:31:43.585252Z 01O [32;1mSkipping Git submodules setup[0;m
2026-10-05T01:31:43.735128Z 00O section_end:1791163903:get_sources[0K
2026-10-05T01:31:43.735673Z 00O+section_start:1791163903:step_script[0K
2026-10-05T01:31:43.735680Z 00O+[0K[36;1mExecuting "step_script" stage of the job script[0;m[0;m
2026-10-05T01:31:43.735691Z 00O [0KUsing effective pull policy of [always] for container python:3.12-slim[0;m
2026-10-05T01:31:43.768388Z 00O [0KUsing docker image sha256:02108f5d322dd89f1c9e552442c25acb0543dfdbc455693a5599624f20d9155d for python:3.12-slim with digest python@sha256:02108f5d322dd89f1c9e552442c25acb0543dfdbc455693a5599624f20d9155d ...[0;m
2026-10-05T01:31:44.000224Z 01O [32;1m$ python -m pip install --no-index -r requirements.txt[0;m
2026-10-05T01:31:44.826524Z 01E WARNING: Running pip as the 'root' user can result in broken permissions and conflicting behaviour with the system package manager, possibly rendering your system unusable. It is recommended to use a virtual environment instead: https://pip.pypa.io/warnings/venv. Use the --root-user-action option if you know what you are doing and want to suppress this warning.
2026-10-05T01:31:44.861453Z 01O [32;1m$ python tools.py build[0;m
2026-10-05T01:31:44.899877Z 01O Build: PASS application.zip
2026-10-05T01:31:45.042452Z 00O section_end:1791163905:step_script[0K
2026-10-05T01:31:45.042905Z 00O+section_start:1791163905:upload_artifacts_on_success[0K
2026-10-05T01:31:45.042911Z 00O+[0K[36;1mUploading artifacts for successful job[0;m[0;m
2026-10-05T01:31:45.240687Z 01O [32;1mUploading artifacts...[0;m
2026-10-05T01:31:45.279834Z 01E dist/application.zip: found 1 matching artifact files and directories[0;m 
2026-10-05T01:31:45.396767Z 01E Uploading artifacts as "archive" to coordinator... 201 Created[0;m  correlation_id[0;m=01M44V0D802EM8YZSBFTFT21TY id[0;m=25 status[0;m=201 token[0;m=eyJraWQiO
2026-10-05T01:31:45.561942Z 00O section_end:1791163905:upload_artifacts_on_success[0K
2026-10-05T01:31:45.562142Z 00O+section_start:1791163905:cleanup_file_variables[0K
2026-10-05T01:31:45.562147Z 00O+[0K[36;1mCleaning up project directory and file based variables[0;m[0;m
2026-10-05T01:31:45.865170Z 00O section_end:1791163905:cleanup_file_variables[0K
2026-10-05T01:31:45.913916Z 00O [32;1mJob succeeded[0;m
