2026-10-05T01:31:34.929080Z 00O [0KRunning with gitlab-runner 19.4.1 (3c39fceb)[0;m
2026-10-05T01:31:34.929091Z 00O [0K  on devops-docker rf8f0q9Qr, system ID: r_o0njxSloCRPv[0;m
2026-10-05T01:31:34.929093Z 00O [0K  UUID: 01a1098d-d044-751a-afc8-3d1026d7a058[0;m
2026-10-05T01:31:34.929117Z 00O section_start:1791163894:prepare_executor[0K
2026-10-05T01:31:34.929120Z 00O+[0K[36;1mPreparing the "docker" executor[0;m[0;m
2026-10-05T01:31:34.945721Z 00O [0KUsing Docker executor with image python:3.12-slim ...[0;m
2026-10-05T01:31:35.697709Z 00O [0KUsing effective pull policy of [always] for container python:3.12-slim[0;m
2026-10-05T01:31:35.728667Z 00O [0KPulling docker image python:3.12-slim ...[0;m
2026-10-05T01:31:37.051869Z 00O [0KUsing docker image sha256:02108f5d322dd89f1c9e552442c25acb0543dfdbc455693a5599624f20d9155d for python:3.12-slim with digest python@sha256:02108f5d322dd89f1c9e552442c25acb0543dfdbc455693a5599624f20d9155d ...[0;m
2026-10-05T01:31:37.051902Z 00O section_end:1791163897:prepare_executor[0K
2026-10-05T01:31:37.052032Z 00O+section_start:1791163897:prepare_script[0K
2026-10-05T01:31:37.052037Z 00O+[0K[36;1mPreparing environment[0;m[0;m
2026-10-05T01:31:37.066940Z 00O [0KUsing effective pull policy of [always] for container sha256:25db4eaaff9ff231b010eca4e189065b821b637a443897e14e0271a9faf370bf[0;m
2026-10-05T01:31:37.306823Z 01O Running on runner-rf8f0q9qr-project-3-concurrent-0 via 2f8eed54d6df...
2026-10-05T01:31:37.454097Z 00O section_end:1791163897:prepare_script[0K
2026-10-05T01:31:37.454352Z 00O+section_start:1791163897:get_sources[0K
2026-10-05T01:31:37.454356Z 00O+[0K[36;1mGetting source from Git repository[0;m[0;m
2026-10-05T01:31:37.625164Z 01O [32;1mGitaly correlation ID: 01M44V02YR70BEV6CHGYNAE9EE[0;m
2026-10-05T01:31:37.628879Z 01O [32;1mFetching changes with git depth set to 20...[0;m
2026-10-05T01:31:37.630752Z 01O Reinitialized existing Git repository in /builds/devopsrabota2/text-analyzer/.git/
2026-10-05T01:31:37.632714Z 01O [32;1mCreated fresh repository.[0;m
2026-10-05T01:31:37.818317Z 01O [32;1mChecking out b7069b98 as detached HEAD (ref is main)...[0;m
2026-10-05T01:31:37.821828Z 01O Removing deploy/
2026-10-05T01:31:37.821834Z 01O Removing dist/
2026-10-05T01:31:37.855458Z 01O 
2026-10-05T01:31:37.855466Z 01O [32;1mSkipping Git submodules setup[0;m
2026-10-05T01:31:38.002405Z 00O section_end:1791163898:get_sources[0K
2026-10-05T01:31:38.002830Z 00O+section_start:1791163898:step_script[0K
2026-10-05T01:31:38.002835Z 00O+[0K[36;1mExecuting "step_script" stage of the job script[0;m[0;m
2026-10-05T01:31:38.002843Z 00O [0KUsing effective pull policy of [always] for container python:3.12-slim[0;m
2026-10-05T01:31:38.034550Z 00O [0KUsing docker image sha256:02108f5d322dd89f1c9e552442c25acb0543dfdbc455693a5599624f20d9155d for python:3.12-slim with digest python@sha256:02108f5d322dd89f1c9e552442c25acb0543dfdbc455693a5599624f20d9155d ...[0;m
2026-10-05T01:31:38.288768Z 01O [32;1m$ python -m pip install --no-index -r requirements.txt[0;m
2026-10-05T01:31:39.249068Z 01E WARNING: Running pip as the 'root' user can result in broken permissions and conflicting behaviour with the system package manager, possibly rendering your system unusable. It is recommended to use a virtual environment instead: https://pip.pypa.io/warnings/venv. Use the --root-user-action option if you know what you are doing and want to suppress this warning.
2026-10-05T01:31:39.283588Z 01O [32;1m$ python tools.py build[0;m
2026-10-05T01:31:39.326227Z 01O Build: PASS application.zip
2026-10-05T01:31:39.492929Z 00O section_end:1791163899:step_script[0K
2026-10-05T01:31:39.493325Z 00O+section_start:1791163899:upload_artifacts_on_success[0K
2026-10-05T01:31:39.493329Z 00O+[0K[36;1mUploading artifacts for successful job[0;m[0;m
2026-10-05T01:31:39.669459Z 01O [32;1mUploading artifacts...[0;m
2026-10-05T01:31:39.703286Z 01E dist/application.zip: found 1 matching artifact files and directories[0;m 
2026-10-05T01:31:39.887775Z 01E Uploading artifacts as "archive" to coordinator... 201 Created[0;m  correlation_id[0;m=01M44V07SRMH9G40YNGCA7ZNYY id[0;m=22 status[0;m=201 token[0;m=eyJraWQiO
2026-10-05T01:31:40.014111Z 00O section_end:1791163900:upload_artifacts_on_success[0K
2026-10-05T01:31:40.014372Z 00O+section_start:1791163900:cleanup_file_variables[0K
2026-10-05T01:31:40.014378Z 00O+[0K[36;1mCleaning up project directory and file based variables[0;m[0;m
2026-10-05T01:31:40.295740Z 00O section_end:1791163900:cleanup_file_variables[0K
2026-10-05T01:31:40.350598Z 00O [32;1mJob succeeded[0;m
