2026-10-05T01:31:22.479954Z 00O [0KRunning with gitlab-runner 19.4.1 (3c39fceb)[0;m
2026-10-05T01:31:22.479973Z 00O [0K  on devops-docker rf8f0q9Qr, system ID: r_o0njxSloCRPv[0;m
2026-10-05T01:31:22.479976Z 00O [0K  UUID: 01a1098d-d044-751a-afc8-3d1026d7a058[0;m
2026-10-05T01:31:22.480010Z 00O section_start:1791163882:prepare_executor[0K
2026-10-05T01:31:22.480014Z 00O+[0K[36;1mPreparing the "docker" executor[0;m[0;m
2026-10-05T01:31:22.494850Z 00O [0KUsing Docker executor with image python:3.12-slim ...[0;m
2026-10-05T01:31:23.258885Z 00O [0KUsing effective pull policy of [always] for container python:3.12-slim[0;m
2026-10-05T01:31:23.291415Z 00O [0KPulling docker image python:3.12-slim ...[0;m
2026-10-05T01:31:24.535794Z 00O [0KUsing docker image sha256:02108f5d322dd89f1c9e552442c25acb0543dfdbc455693a5599624f20d9155d for python:3.12-slim with digest python@sha256:02108f5d322dd89f1c9e552442c25acb0543dfdbc455693a5599624f20d9155d ...[0;m
2026-10-05T01:31:24.535808Z 00O section_end:1791163884:prepare_executor[0K
2026-10-05T01:31:24.535929Z 00O+section_start:1791163884:prepare_script[0K
2026-10-05T01:31:24.535934Z 00O+[0K[36;1mPreparing environment[0;m[0;m
2026-10-05T01:31:24.550530Z 00O [0KUsing effective pull policy of [always] for container sha256:25db4eaaff9ff231b010eca4e189065b821b637a443897e14e0271a9faf370bf[0;m
2026-10-05T01:31:24.762717Z 01O Running on runner-rf8f0q9qr-project-1-concurrent-0 via 2f8eed54d6df...
2026-10-05T01:31:24.903366Z 00O section_end:1791163884:prepare_script[0K
2026-10-05T01:31:24.903596Z 00O+section_start:1791163884:get_sources[0K
2026-10-05T01:31:24.903599Z 00O+[0K[36;1mGetting source from Git repository[0;m[0;m
2026-10-05T01:31:25.074099Z 01O [32;1mGitaly correlation ID: 01M44TZPT64MXEX7T2G20WGK5V[0;m
2026-10-05T01:31:25.077951Z 01O [32;1mFetching changes with git depth set to 20...[0;m
2026-10-05T01:31:25.080111Z 01O Reinitialized existing Git repository in /builds/devopsrabota2/todo-api/.git/
2026-10-05T01:31:25.081732Z 01O [32;1mCreated fresh repository.[0;m
2026-10-05T01:31:25.251455Z 01O [32;1mChecking out 8ee36108 as detached HEAD (ref is main)...[0;m
2026-10-05T01:31:25.254495Z 01O Removing __pycache__/
2026-10-05T01:31:25.254501Z 01O Removing dist/
2026-10-05T01:31:25.254502Z 01O Removing tests/__pycache__/
2026-10-05T01:31:25.284949Z 01O 
2026-10-05T01:31:25.284956Z 01O [32;1mSkipping Git submodules setup[0;m
2026-10-05T01:31:25.431794Z 00O section_end:1791163885:get_sources[0K
2026-10-05T01:31:25.432181Z 00O+section_start:1791163885:download_artifacts[0K
2026-10-05T01:31:25.432186Z 00O+[0K[36;1mDownloading artifacts[0;m[0;m
2026-10-05T01:31:25.621774Z 01O [32;1mDownloading artifacts for build_job (16)...[0;m
2026-10-05T01:31:25.718132Z 01E Downloading artifacts from coordinator... ok      [0;m  correlation_id[0;m=01M44TZT2PZGB3C87DR7DJYX9C id[0;m=16 status[0;m=200 token[0;m=eyJraWQiO
2026-10-05T01:31:25.862163Z 00O section_end:1791163885:download_artifacts[0K
2026-10-05T01:31:25.862349Z 00O+section_start:1791163885:step_script[0K
2026-10-05T01:31:25.862355Z 00O+[0K[36;1mExecuting "step_script" stage of the job script[0;m[0;m
2026-10-05T01:31:25.862363Z 00O [0KUsing effective pull policy of [always] for container python:3.12-slim[0;m
2026-10-05T01:31:25.888646Z 00O [0KUsing docker image sha256:02108f5d322dd89f1c9e552442c25acb0543dfdbc455693a5599624f20d9155d for python:3.12-slim with digest python@sha256:02108f5d322dd89f1c9e552442c25acb0543dfdbc455693a5599624f20d9155d ...[0;m
2026-10-05T01:31:26.114417Z 01O [32;1m$ python -m pip install --no-index -r requirements.txt[0;m
2026-10-05T01:31:26.908672Z 01E WARNING: Running pip as the 'root' user can result in broken permissions and conflicting behaviour with the system package manager, possibly rendering your system unusable. It is recommended to use a virtual environment instead: https://pip.pypa.io/warnings/venv. Use the --root-user-action option if you know what you are doing and want to suppress this warning.
2026-10-05T01:31:26.943944Z 01O [32;1m$ python tools.py deploy[0;m
2026-10-05T01:31:27.045089Z 01O Application smoke: PASS
2026-10-05T01:31:27.045098Z 01O Educational deploy: PASS
2026-10-05T01:31:27.217399Z 00O section_end:1791163887:step_script[0K
2026-10-05T01:31:27.217819Z 00O+section_start:1791163887:upload_artifacts_on_success[0K
2026-10-05T01:31:27.217824Z 00O+[0K[36;1mUploading artifacts for successful job[0;m[0;m
2026-10-05T01:31:27.419283Z 01O [32;1mUploading artifacts...[0;m
2026-10-05T01:31:27.456955Z 01E deploy/: found 5 matching artifact files and directories[0;m 
2026-10-05T01:31:27.785829Z 01E Uploading artifacts as "archive" to coordinator... 201 Created[0;m  correlation_id[0;m=01M44TZVV12AJ1PMB76YDCG9SV id[0;m=18 status[0;m=201 token[0;m=eyJraWQiO
2026-10-05T01:31:27.968575Z 00O section_end:1791163887:upload_artifacts_on_success[0K
2026-10-05T01:31:27.968911Z 00O+section_start:1791163887:cleanup_file_variables[0K
2026-10-05T01:31:27.968917Z 00O+[0K[36;1mCleaning up project directory and file based variables[0;m[0;m
2026-10-05T01:31:28.346508Z 00O section_end:1791163888:cleanup_file_variables[0K
2026-10-05T01:31:28.394805Z 00O [32;1mJob succeeded[0;m
