2026-10-05T01:31:00.660674Z 00O [0KRunning with gitlab-runner 19.4.1 (3c39fceb)[0;m
2026-10-05T01:31:00.660685Z 00O [0K  on devops-docker rf8f0q9Qr, system ID: r_o0njxSloCRPv[0;m
2026-10-05T01:31:00.660687Z 00O [0K  UUID: 01a1098d-d044-751a-afc8-3d1026d7a058[0;m
2026-10-05T01:31:00.660705Z 00O section_start:1791163860:prepare_executor[0K
2026-10-05T01:31:00.660707Z 00O+[0K[36;1mPreparing the "docker" executor[0;m[0;m
2026-10-05T01:31:00.677857Z 00O [0KUsing Docker executor with image python:3.12-slim ...[0;m
2026-10-05T01:31:01.516597Z 00O [0KUsing effective pull policy of [always] for container python:3.12-slim[0;m
2026-10-05T01:31:01.554706Z 00O [0KPulling docker image python:3.12-slim ...[0;m
2026-10-05T01:31:02.861103Z 00O [0KUsing docker image sha256:02108f5d322dd89f1c9e552442c25acb0543dfdbc455693a5599624f20d9155d for python:3.12-slim with digest python@sha256:02108f5d322dd89f1c9e552442c25acb0543dfdbc455693a5599624f20d9155d ...[0;m
2026-10-05T01:31:02.861118Z 00O section_end:1791163862:prepare_executor[0K
2026-10-05T01:31:02.861243Z 00O+section_start:1791163862:prepare_script[0K
2026-10-05T01:31:02.861247Z 00O+[0K[36;1mPreparing environment[0;m[0;m
2026-10-05T01:31:02.876181Z 00O [0KUsing effective pull policy of [always] for container sha256:25db4eaaff9ff231b010eca4e189065b821b637a443897e14e0271a9faf370bf[0;m
2026-10-05T01:31:03.192594Z 01O Running on runner-rf8f0q9qr-project-1-concurrent-0 via 2f8eed54d6df...
2026-10-05T01:31:03.338502Z 00O section_end:1791163863:prepare_script[0K
2026-10-05T01:31:03.338876Z 00O+section_start:1791163863:get_sources[0K
2026-10-05T01:31:03.338884Z 00O+[0K[36;1mGetting source from Git repository[0;m[0;m
2026-10-05T01:31:03.515516Z 01O [32;1mGitaly correlation ID: 01M44TZ1F7QXS0ZSHYPE91XEDF[0;m
2026-10-05T01:31:03.519577Z 01O [32;1mFetching changes with git depth set to 20...[0;m
2026-10-05T01:31:03.521448Z 01O Reinitialized existing Git repository in /builds/devopsrabota2/todo-api/.git/
2026-10-05T01:31:03.522968Z 01O [32;1mCreated fresh repository.[0;m
2026-10-05T01:31:03.715305Z 01O [32;1mChecking out 8ee36108 as detached HEAD (ref is main)...[0;m
2026-10-05T01:31:03.718797Z 01O Removing deploy/
2026-10-05T01:31:03.718803Z 01O Removing dist/
2026-10-05T01:31:03.749538Z 01O 
2026-10-05T01:31:03.749545Z 01O [32;1mSkipping Git submodules setup[0;m
2026-10-05T01:31:03.884512Z 00O section_end:1791163863:get_sources[0K
2026-10-05T01:31:03.885099Z 00O+section_start:1791163863:step_script[0K
2026-10-05T01:31:03.885106Z 00O+[0K[36;1mExecuting "step_script" stage of the job script[0;m[0;m
2026-10-05T01:31:03.885114Z 00O [0KUsing effective pull policy of [always] for container python:3.12-slim[0;m
2026-10-05T01:31:03.914041Z 00O [0KUsing docker image sha256:02108f5d322dd89f1c9e552442c25acb0543dfdbc455693a5599624f20d9155d for python:3.12-slim with digest python@sha256:02108f5d322dd89f1c9e552442c25acb0543dfdbc455693a5599624f20d9155d ...[0;m
2026-10-05T01:31:04.141881Z 01O [32;1m$ python -m pip install --no-index -r requirements.txt[0;m
2026-10-05T01:31:04.958384Z 01E WARNING: Running pip as the 'root' user can result in broken permissions and conflicting behaviour with the system package manager, possibly rendering your system unusable. It is recommended to use a virtual environment instead: https://pip.pypa.io/warnings/venv. Use the --root-user-action option if you know what you are doing and want to suppress this warning.
2026-10-05T01:31:04.995564Z 01O [32;1m$ python tools.py build[0;m
2026-10-05T01:31:05.034819Z 01O Build: PASS application.zip
2026-10-05T01:31:05.187689Z 00O section_end:1791163865:step_script[0K
2026-10-05T01:31:05.188180Z 00O+section_start:1791163865:upload_artifacts_on_success[0K
2026-10-05T01:31:05.188186Z 00O+[0K[36;1mUploading artifacts for successful job[0;m[0;m
2026-10-05T01:31:05.357050Z 01O [32;1mUploading artifacts...[0;m
2026-10-05T01:31:05.391458Z 01E dist/application.zip: found 1 matching artifact files and directories[0;m 
2026-10-05T01:31:05.516550Z 01E Uploading artifacts as "archive" to coordinator... 201 Created[0;m  correlation_id[0;m=01M44TZ69F1ZMKDAGM7N1BH1N8 id[0;m=16 status[0;m=201 token[0;m=eyJraWQiO
2026-10-05T01:31:05.655352Z 00O section_end:1791163865:upload_artifacts_on_success[0K
2026-10-05T01:31:05.655702Z 00O+section_start:1791163865:cleanup_file_variables[0K
2026-10-05T01:31:05.655707Z 00O+[0K[36;1mCleaning up project directory and file based variables[0;m[0;m
2026-10-05T01:31:05.952582Z 00O section_end:1791163865:cleanup_file_variables[0K
2026-10-05T01:31:05.993618Z 00O [32;1mJob succeeded[0;m
